- : int ! [~] = 12345
- : boolean ! [~] = true
- : string ! [~] = "She said: \"Hello, world!\""
- : (int, (boolean, string)) ! [~] = (12345, 
                                      (true, "She said: \"Hello, world!\""))
- : 'a ~> 'b -['p]> ('b, 'a) ! ['p2] = <fun>
- : 'a ~> ('a, (int, (boolean, string))) ! ['p] = <fun>
- : int ! [~] = 10
- : int ! [~] = 5
- : 'a ~> 'a ! [~] = <fun>
